mode=serial device=mps train=3126 val=170
/Users/liaoyu-ting/Documents/GS/CA_Term2/FinalProject/SoloChoirCode/260615/voice-changer/harmony/train_v3.py:58: UserWarning: enable_nested_tensor is True, but self.use_nested_tensor is False because encoder_layer.norm_first was True
  self.blocks = nn.TransformerEncoder(layer, N_LAYERS)
params: 12.27M  CTX=4096
step   200  train 0.9991  val 0.7535  [9.7k tok/s]  <- saved
step   400  train 0.5005  val 0.6207  [9.7k tok/s]  <- saved
step   600  train 0.9703  val 0.6109  [9.7k tok/s]  <- saved
step   800  train 0.5929  val 0.6196  [9.7k tok/s]
step  1000  train 0.5936  val 0.5934  [9.7k tok/s]  <- saved
step  1200  train 0.4897  val 0.4578  [9.7k tok/s]  <- saved
step  1400  train 0.2918  val 0.3758  [9.7k tok/s]  <- saved
step  1600  train 0.5108  val 0.5296  [9.7k tok/s]
step  1800  train 0.5834  val 0.3958  [9.7k tok/s]
step  2000  train 0.1838  val 0.4547  [9.7k tok/s]
step  2200  train 0.4702  val 0.4638  [9.7k tok/s]
step  2400  train 0.3879  val 0.4344  [9.7k tok/s]
step  2600  train 0.4180  val 0.5347  [9.7k tok/s]
step  2800  train 0.4015  val 0.4395  [9.7k tok/s]
step  3000  train 0.4073  val 0.5035  [9.7k tok/s]
step  3200  train 0.4809  val 0.3743  [9.7k tok/s]  <- saved
step  3400  train 0.2094  val 0.3778  [9.7k tok/s]
step  3600  train 0.4031  val 0.3984  [9.7k tok/s]
step  3800  train 0.4009  val 0.3934  [9.7k tok/s]
step  4000  train 0.2424  val 0.4350  [9.7k tok/s]
done. best val 0.3743 (/Users/liaoyu-ting/Documents/GS/CA_Term2/FinalProject/SoloChoirCode/260615/voice-changer/harmony/checkpoints/v3_serial/best.pt)
